C:/Users/Pinthu/STM32CubeIDE/Test_Project1/BSP/Src/audio_rec.c:27:6:AudioRec_SetHint	8	static
C:/Users/Pinthu/STM32CubeIDE/Test_Project1/BSP/Src/audio_rec.c:45:6:AUDIO_Effect	8	static
C:/Users/Pinthu/STM32CubeIDE/Test_Project1/BSP/Src/audio_rec.c:79:6:wait_buffer_offset	16	static
C:/Users/Pinthu/STM32CubeIDE/Test_Project1/BSP/Src/audio_rec.c:89:6:AudioRec_demo	24	static
C:/Users/Pinthu/STM32CubeIDE/Test_Project1/BSP/Src/audio_rec.c:171:6:BSP_AUDIO_IN_TransferComplete_CallBack	0	static
C:/Users/Pinthu/STM32CubeIDE/Test_Project1/BSP/Src/audio_rec.c:178:6:BSP_AUDIO_IN_HalfTransfer_CallBack	0	static
C:/Users/Pinthu/STM32CubeIDE/Test_Project1/BSP/Src/audio_rec.c:185:6:BSP_AUDIO_IN_Error_CallBack	8	static
